(program
  (let customers
    (list
      (map
        (entry (selector id) (int 1))
        (entry (selector name) (string Alice))
      )
      (map
        (entry (selector id) (int 2))
        (entry (selector name) (string Bob))
      )
      (map
        (entry (selector id) (int 3))
        (entry (selector name) (string Charlie))
      )
    )
  )
  (let orders
    (list
      (map
        (entry (selector id) (int 100))
        (entry (selector customerId) (int 1))
        (entry (selector total) (int 250))
      )
      (map
        (entry (selector id) (int 101))
        (entry (selector customerId) (int 2))
        (entry (selector total) (int 125))
      )
      (map
        (entry (selector id) (int 102))
        (entry (selector customerId) (int 1))
        (entry (selector total) (int 300))
      )
    )
  )
  (let result
    (query o
      (source (selector orders))
      (from c
        (source (selector customers))
      )
      (select
        (map
          (entry
            (selector orderId)
            (selector id (selector o))
          )
          (entry
            (selector orderCustomerId)
            (selector customerId (selector o))
          )
          (entry
            (selector pairedCustomerName)
            (selector name (selector c))
          )
          (entry
            (selector orderTotal)
            (selector total (selector o))
          )
        )
      )
    )
  )
  (call print (string "--- Cross Join: All order-customer pairs ---"))
  (for entry
    (in (selector result))
    (block
      (call print
        (string Order)
        (selector orderId (selector entry))
        (string "(customerId:")
        (selector orderCustomerId (selector entry))
        (string ", total: $")
        (selector orderTotal (selector entry))
        (string ") paired with")
        (selector pairedCustomerName (selector entry))
      )
    )
  )
)
